
C:\Users\pedro\OneDrive\Desktop\OCCHIALE\occhiale\src\app\(dashboard)\dashboard\inventario\page.tsx
  77:78  error  Error: Cannot call impure function during render

`Date.now` is an impure function. Calling an impure function can produce unstable results that update unpredictably when the component happens to re-render. (https://react.dev/reference/rules/components-and-hooks-must-be-pure#components-and-hooks-must-be-idempotent).

C:\Users\pedro\OneDrive\Desktop\OCCHIALE\occhiale\src\app\(dashboard)\dashboard\inventario\page.tsx:77:78
  75 |
  76 |     const monthlyEntry = (movements || [])
> 77 |         .filter(m => m.type === 'entry' && new Date(m.created_at) > new Date(Date.now() - 30 * 24 * 60 * 60 * 1000))
     |                                                                              ^^^^^^^^^^ Cannot call impure function
  78 |         .reduce((acc, m) => acc + Math.abs(m.quantity), 0);
  79 |
  80 |     return (  react-hooks/purity

C:\Users\pedro\OneDrive\Desktop\OCCHIALE\occhiale\src\app\api\webhooks\fiscal\route.ts
  43:21  error  Unexpected any. Specify a different type  @typescript-eslint/no-explicit-any

C:\Users\pedro\OneDrive\Desktop\OCCHIALE\occhiale\src\app\api\webhooks\pagarme\route.ts
  113:42  error  Unexpected any. Specify a different type  @typescript-eslint/no-explicit-any
  142:42  error  Unexpected any. Specify a different type  @typescript-eslint/no-explicit-any

C:\Users\pedro\OneDrive\Desktop\OCCHIALE\occhiale\src\components\dashboard\os-table.tsx
  10:20  error  Unexpected any. Specify a different type  @typescript-eslint/no-explicit-any

C:\Users\pedro\OneDrive\Desktop\OCCHIALE\occhiale\src\components\dashboard\pos\pos-container.tsx
  16:22  error  Unexpected any. Specify a different type  @typescript-eslint/no-explicit-any
  17:23  error  Unexpected any. Specify a different type  @typescript-eslint/no-explicit-any
  22:38  error  Unexpected any. Specify a different type  @typescript-eslint/no-explicit-any
  23:62  error  Unexpected any. Specify a different type  @typescript-eslint/no-explicit-any
  27:85  error  Unexpected any. Specify a different type  @typescript-eslint/no-explicit-any
  31:33  error  Unexpected any. Specify a different type  @typescript-eslint/no-explicit-any

C:\Users\pedro\OneDrive\Desktop\OCCHIALE\occhiale\src\components\dashboard\pos\product-search.tsx
  34:13  error  Error: Calling setState synchronously within an effect can trigger cascading renders

Effects are intended to synchronize state between React and external systems such as manually updating the DOM, state management libraries, or other platform APIs. In general, the body of an effect should do one or both of the following:
* Update external systems with the latest state from React.
* Subscribe for updates from some external system, calling setState in a callback function when external state changes.

Calling setState synchronously within an effect body causes cascading renders that can hurt performance, and is not recommended. (https://react.dev/learn/you-might-not-need-an-effect).

C:\Users\pedro\OneDrive\Desktop\OCCHIALE\occhiale\src\components\dashboard\pos\product-search.tsx:34:13
  32 |                 p.category.toLowerCase().includes(query.toLowerCase())
  33 |             );
> 34 |             setResults(filtered.slice(0, 8));
     |             ^^^^^^^^^^ Avoid calling setState() directly within an effect
  35 |             setIsOpen(true);
  36 |         } else {
  37 |             setResults([]);  react-hooks/set-state-in-effect

C:\Users\pedro\OneDrive\Desktop\OCCHIALE\occhiale\src\components\dashboard\update-os-status-form.tsx
  48:74  error  Unexpected any. Specify a different type  @typescript-eslint/no-explicit-any

C:\Users\pedro\OneDrive\Desktop\OCCHIALE\occhiale\src\lib\actions\pos.ts
   27:22  error  Unexpected any. Specify a different type  @typescript-eslint/no-explicit-any
   97:86  error  Unexpected any. Specify a different type  @typescript-eslint/no-explicit-any
  128:25  error  Unexpected any. Specify a different type  @typescript-eslint/no-explicit-any

C:\Users\pedro\OneDrive\Desktop\OCCHIALE\occhiale\src\lib\actions\service-order.ts
  31:56  error  Unexpected any. Specify a different type  @typescript-eslint/no-explicit-any
  32:55  error  Unexpected any. Specify a different type  @typescript-eslint/no-explicit-any
  33:51  error  Unexpected any. Specify a different type  @typescript-eslint/no-explicit-any

C:\Users\pedro\OneDrive\Desktop\OCCHIALE\occhiale\src\lib\fiscal\focus-nfe.ts
  38:35  error  Unexpected any. Specify a different type  @typescript-eslint/no-explicit-any
  48:34  error  Unexpected any. Specify a different type  @typescript-eslint/no-explicit-any
  77:43  error  Unexpected any. Specify a different type  @typescript-eslint/no-explicit-any
  77:55  error  Unexpected any. Specify a different type  @typescript-eslint/no-explicit-any
  77:67  error  Unexpected any. Specify a different type  @typescript-eslint/no-explicit-any
  77:84  error  Unexpected any. Specify a different type  @typescript-eslint/no-explicit-any

C:\Users\pedro\OneDrive\Desktop\OCCHIALE\occhiale\src\lib\orders\service-order-utils.ts
  42:51  error  Unexpected any. Specify a different type  @typescript-eslint/no-explicit-any

C:\Users\pedro\OneDrive\Desktop\OCCHIALE\occhiale\src\lib\supabase\queries\orders.ts
  174:69  error  Unexpected any. Specify a different type  @typescript-eslint/no-explicit-any
  204:61  error  Unexpected any. Specify a different type  @typescript-eslint/no-explicit-any

C:\Users\pedro\OneDrive\Desktop\OCCHIALE\occhiale\src\lib\supabase\queries\service-orders.ts
  57:23  error  Unexpected any. Specify a different type  @typescript-eslint/no-explicit-any

C:\Users\pedro\OneDrive\Desktop\OCCHIALE\occhiale\tests\unit\webhook-handler.test.ts
  34:34  error  Unexpected any. Specify a different type  @typescript-eslint/no-explicit-any
  43:36  error  Unexpected any. Specify a different type  @typescript-eslint/no-explicit-any
  50:33  error  Unexpected any. Specify a different type  @typescript-eslint/no-explicit-any
  70:36  error  Unexpected any. Specify a different type  @typescript-eslint/no-explicit-any
  78:33  error  Unexpected any. Specify a different type  @typescript-eslint/no-explicit-any
  98:36  error  Unexpected any. Specify a different type  @typescript-eslint/no-explicit-any

Ô£û 35 problems (35 errors, 0 warnings)

